str=, and empty string =
in word first str=word :in word str=drod
in phrase first str=on pa :in phrase str=ap pa
